// Jest Snapshot v1, https://goo.gl/fbAQLP

exports[`Product detail component Should match snapshot 1`] = `
<Provider
  store={
    Object {
      "clearActions": [Function],
      "dispatch": [Function],
      "getActions": [Function],
      "getState": [Function],
      "replaceReducer": [Function],
      "subscribe": [Function],
    }
  }
>
  <BrowserRouter>
    <Router
      history={
        Object {
          "action": "POP",
          "block": [Function],
          "createHref": [Function],
          "go": [Function],
          "goBack": [Function],
          "goForward": [Function],
          "length": 1,
          "listen": [Function],
          "location": Object {
            "hash": "",
            "pathname": "/",
            "search": "",
            "state": undefined,
          },
          "push": [Function],
          "replace": [Function],
        }
      }
    >
      <MemoryRouter>
        <Router
          history={
            Object {
              "action": "POP",
              "block": [Function],
              "canGo": [Function],
              "createHref": [Function],
              "entries": Array [
                Object {
                  "hash": "",
                  "key": "cznb66",
                  "pathname": "/",
                  "search": "",
                  "state": undefined,
                },
              ],
              "go": [Function],
              "goBack": [Function],
              "goForward": [Function],
              "index": 0,
              "length": 1,
              "listen": [Function],
              "location": Object {
                "hash": "",
                "key": "cznb66",
                "pathname": "/",
                "search": "",
                "state": undefined,
              },
              "push": [Function],
              "replace": [Function],
            }
          }
        >
          <Product
            history={
              Object {
                "action": "POP",
                "block": [Function],
                "canGo": [Function],
                "createHref": [Function],
                "entries": Array [
                  Object {
                    "hash": "",
                    "key": "iru481",
                    "pathname": "/",
                    "search": "",
                    "state": undefined,
                  },
                ],
                "go": [Function],
                "goBack": [Function],
                "goForward": [Function],
                "index": 0,
                "length": 1,
                "listen": [Function],
                "location": Object {
                  "hash": "",
                  "key": "iru481",
                  "pathname": "/",
                  "search": "",
                  "state": undefined,
                },
                "push": [Function],
                "replace": [Function],
              }
            }
            match={
              Object {
                "params": Object {
                  "id": "1",
                },
              }
            }
          >
            <styled.div>
              <div
                className="sc-bdnylx dEMiuQ"
              >
                <styled.div>
                  <div
                    className="sc-gtssRu eNMFFu"
                  >
                    <Link
                      to="/"
                    >
                      <LinkAnchor
                        href="/"
                        navigate={[Function]}
                      >
                        <a
                          href="/"
                          onClick={[Function]}
                        >
                          Back to result
                        </a>
                      </LinkAnchor>
                    </Link>
                  </div>
                </styled.div>
                <styled.div>
                  <div
                    className="sc-dlnjPT uqAsM"
                  >
                    <styled.div>
                      <div
                        className="sc-hKFyIo laFNfS"
                      >
                        <img
                          alt="product"
                        />
                      </div>
                    </styled.div>
                    <styled.div>
                      <div
                        className="sc-eCApGN ddGgNw"
                      >
                        <ul
                          data-testid="product-details"
                        >
                          <li>
                            <h4 />
                          </li>
                          <li>
                             Stars (
                             Reviews)
                          </li>
                          <li>
                            Price: 
                            <b>
                              $
                            </b>
                          </li>
                          <li>
                            Description:
                            <div />
                          </li>
                        </ul>
                      </div>
                    </styled.div>
                    <styled.div>
                      <div
                        className="sc-jSFkmK ezrcbM"
                      >
                        <ul>
                          <li>
                            Price: 
                          </li>
                          <li>
                            Status: 
                            Out of stock
                          </li>
                          <li>
                            Quantity: 
                            <select
                              onChange={[Function]}
                              value={1}
                            >
                              <option
                                key="1"
                                value={1}
                              >
                                1
                              </option>
                            </select>
                          </li>
                          <li
                            style={
                              Object {
                                "display": "flex",
                                "flexDirection": "column",
                              }
                            }
                          />
                        </ul>
                      </div>
                    </styled.div>
                  </div>
                </styled.div>
              </div>
            </styled.div>
          </Product>
        </Router>
      </MemoryRouter>
    </Router>
  </BrowserRouter>
</Provider>
`;
